#-----------------------------------------------------------
# Vivado v2020.2 (64-bit)
# SW Build 3064766 on Wed Nov 18 09:12:45 MST 2020
# IP Build 3064653 on Wed Nov 18 14:17:31 MST 2020
# Start of session at: Fri May 16 18:02:49 2025
# Process ID: 83544
# Current directory: D:/dsd/Snake
# Command line: vivado.exe -gui_launcher_event rodinguilauncherevent37624 D:\dsd\Snake\project_1.xpr
# Log file: D:/dsd/Snake/vivado.log
# Journal file: D:/dsd/Snake\vivado.jou
#-----------------------------------------------------------
start_gui
open_project D:/dsd/Snake/project_1.xpr
update_compile_order -fileset sources_1
close [ open D:/dsd/Snake/project_1.srcs/sources_1/new/snake_controller.vhd w ]
add_files D:/dsd/Snake/project_1.srcs/sources_1/new/snake_controller.vhd
close [ open D:/dsd/Snake/project_1.srcs/sources_1/new/collision_checker.vhd w ]
add_files D:/dsd/Snake/project_1.srcs/sources_1/new/collision_checker.vhd
close [ open D:/dsd/Snake/project_1.srcs/sources_1/new/food_generator.vhd w ]
add_files D:/dsd/Snake/project_1.srcs/sources_1/new/food_generator.vhd
close [ open D:/dsd/Snake/project_1.srcs/sources_1/new/score_keeper.vhd w ]
add_files D:/dsd/Snake/project_1.srcs/sources_1/new/score_keeper.vhd
close [ open D:/dsd/Snake/project_1.srcs/sources_1/new/game_fsm.vhd w ]
add_files D:/dsd/Snake/project_1.srcs/sources_1/new/game_fsm.vhd
update_compile_order -fileset sources_1
update_compile_order -fileset sources_1
update_compile_order -fileset sources_1
